src/components/NetworkBanner.tsx(52,5): error TS2783: 'elevation' is specified more than once, so this usage will be overwritten.
src/context/UserContext.tsx(114,20): error TS2345: Argument of type 'unknown' is not assignable to parameter of type 'SetStateAction<{ id: string; full_name?: string | null | undefined; avatar_url?: string | null | undefined; email?: string | undefined; created_at?: string | undefined; } | null>'.
src/context/UserContext.tsx(119,5): error TS2322: Type 'Result<unknown, string>' is not assignable to type 'Result<{ id: string; full_name?: string | null | undefined; avatar_url?: string | null | undefined; email?: string | undefined; created_at?: string | undefined; }, string>'.
  Type 'unknown' is not assignable to type '{ id: string; full_name?: string | null | undefined; avatar_url?: string | null | undefined; email?: string | undefined; created_at?: string | undefined; }'.
src/context/UserContext.tsx(125,18): error TS2345: Argument of type 'unknown' is not assignable to parameter of type 'SetStateAction<{ id: string; full_name?: string | null | undefined; avatar_url?: string | null | undefined; email?: string | undefined; created_at?: string | undefined; } | null>'.
src/context/UserContext.tsx(127,5): error TS2322: Type 'Result<unknown, string>' is not assignable to type 'Result<{ id: string; full_name?: string | null | undefined; avatar_url?: string | null | undefined; email?: string | undefined; created_at?: string | undefined; }, string>'.
  Type 'unknown' is not assignable to type '{ id: string; full_name?: string | null | undefined; avatar_url?: string | null | undefined; email?: string | undefined; created_at?: string | undefined; }'.
src/context/UserContext.tsx(134,5): error TS2322: Type 'Result<unknown, string>' is not assignable to type 'Result<{ id: string; user_id: string; name: string; birth_date?: string | null | undefined; diagnosis?: string | null | undefined; relationship?: string | null | undefined; created_at?: string | undefined; }, string>'.
  Type 'unknown' is not assignable to type '{ id: string; user_id: string; name: string; birth_date?: string | null | undefined; diagnosis?: string | null | undefined; relationship?: string | null | undefined; created_at?: string | undefined; }'.
src/context/UserContext.tsx(140,5): error TS2322: Type 'Result<unknown, string>' is not assignable to type 'Result<{ id: string; user_id: string; name: string; birth_date?: string | null | undefined; diagnosis?: string | null | undefined; relationship?: string | null | undefined; created_at?: string | undefined; }, string>'.
  Type 'unknown' is not assignable to type '{ id: string; user_id: string; name: string; birth_date?: string | null | undefined; diagnosis?: string | null | undefined; relationship?: string | null | undefined; created_at?: string | undefined; }'.
src/context/UserContext.tsx(146,5): error TS2322: Type 'Result<unknown, string>' is not assignable to type 'Result<{ deletedId: string; }, string>'.
  Type 'unknown' is not assignable to type '{ deletedId: string; }'.
src/hooks/useCaregivers.ts(70,37): error TS2345: Argument of type '(prev: { dependent_id: string; invited_by: string; invited_email: string; status: "pending" | "accepted" | "declined"; id?: string | undefined; }[]) => unknown[]' is not assignable to parameter of type 'SetStateAction<{ dependent_id: string; invited_by: string; invited_email: string; status: "pending" | "accepted" | "declined"; id?: string | undefined; }[]>'.
  Type '(prev: { dependent_id: string; invited_by: string; invited_email: string; status: "pending" | "accepted" | "declined"; id?: string | undefined; }[]) => unknown[]' is not assignable to type '(prevState: { dependent_id: string; invited_by: string; invited_email: string; status: "pending" | "accepted" | "declined"; id?: string | undefined; }[]) => { dependent_id: string; invited_by: string; invited_email: string; status: "pending" | ... 1 more ... | "declined"; id?: string | undefined; }[]'.
    Type 'unknown[]' is not assignable to type '{ dependent_id: string; invited_by: string; invited_email: string; status: "pending" | "accepted" | "declined"; id?: string | undefined; }[]'.
      Type 'unknown' is not assignable to type '{ dependent_id: string; invited_by: string; invited_email: string; status: "pending" | "accepted" | "declined"; id?: string | undefined; }'.
src/hooks/useCrises.ts(97,19): error TS2345: Argument of type '(prev: { id: string; dependent_id: string; date: string; type: string; severity: number; time?: string | null | undefined; duration_minutes?: number | null | undefined; triggers?: string | null | undefined; symptoms?: string | ... 1 more ... | undefined; medication_given?: string | ... 1 more ... | undefined; notes?...' is not assignable to parameter of type 'SetStateAction<{ id: string; dependent_id: string; date: string; type: string; severity: number; time?: string | null | undefined; duration_minutes?: number | null | undefined; triggers?: string | null | undefined; symptoms?: string | ... 1 more ... | undefined; medication_given?: string | ... 1 more ... | undefined...'.
  Type '(prev: { id: string; dependent_id: string; date: string; type: string; severity: number; time?: string | null | undefined; duration_minutes?: number | null | undefined; triggers?: string | null | undefined; symptoms?: string | ... 1 more ... | undefined; medication_given?: string | ... 1 more ... | undefined; notes?...' is not assignable to type '(prevState: { id: string; dependent_id: string; date: string; type: string; severity: number; time?: string | null | undefined; duration_minutes?: number | null | undefined; triggers?: string | null | undefined; symptoms?: string | ... 1 more ... | undefined; medication_given?: string | ... 1 more ... | undefined; n...'.
    Type 'unknown[]' is not assignable to type '{ id: string; dependent_id: string; date: string; type: string; severity: number; time?: string | null | undefined; duration_minutes?: number | null | undefined; triggers?: string | null | undefined; symptoms?: string | ... 1 more ... | undefined; medication_given?: string | ... 1 more ... | undefined; notes?: strin...'.
      Type 'unknown' is not assignable to type '{ id: string; dependent_id: string; date: string; type: string; severity: number; time?: string | null | undefined; duration_minutes?: number | null | undefined; triggers?: string | null | undefined; symptoms?: string | ... 1 more ... | undefined; medication_given?: string | ... 1 more ... | undefined; notes?: strin...'.
src/hooks/useCrises.ts(114,19): error TS2345: Argument of type '(prev: { id: string; dependent_id: string; date: string; type: string; severity: number; time?: string | null | undefined; duration_minutes?: number | null | undefined; triggers?: string | null | undefined; symptoms?: string | ... 1 more ... | undefined; medication_given?: string | ... 1 more ... | undefined; notes?...' is not assignable to parameter of type 'SetStateAction<{ id: string; dependent_id: string; date: string; type: string; severity: number; time?: string | null | undefined; duration_minutes?: number | null | undefined; triggers?: string | null | undefined; symptoms?: string | ... 1 more ... | undefined; medication_given?: string | ... 1 more ... | undefined...'.
  Type '(prev: { id: string; dependent_id: string; date: string; type: string; severity: number; time?: string | null | undefined; duration_minutes?: number | null | undefined; triggers?: string | null | undefined; symptoms?: string | ... 1 more ... | undefined; medication_given?: string | ... 1 more ... | undefined; notes?...' is not assignable to type '(prevState: { id: string; dependent_id: string; date: string; type: string; severity: number; time?: string | null | undefined; duration_minutes?: number | null | undefined; triggers?: string | null | undefined; symptoms?: string | ... 1 more ... | undefined; medication_given?: string | ... 1 more ... | undefined; n...'.
    Type 'unknown[]' is not assignable to type '{ id: string; dependent_id: string; date: string; type: string; severity: number; time?: string | null | undefined; duration_minutes?: number | null | undefined; triggers?: string | null | undefined; symptoms?: string | ... 1 more ... | undefined; medication_given?: string | ... 1 more ... | undefined; notes?: strin...'.
      Type 'unknown' is not assignable to type '{ id: string; dependent_id: string; date: string; type: string; severity: number; time?: string | null | undefined; duration_minutes?: number | null | undefined; triggers?: string | null | undefined; symptoms?: string | ... 1 more ... | undefined; medication_given?: string | ... 1 more ... | undefined; notes?: strin...'.
src/hooks/useDocuments.ts(88,39): error TS2345: Argument of type '(prev: { dependent_id: string; title: string; category: "Outro" | "Laudo" | "Exame" | "Receita"; file_path: string; id?: string | undefined; file_type?: string | undefined; uploaded_at?: string | undefined; }[]) => unknown[]' is not assignable to parameter of type 'SetStateAction<{ dependent_id: string; title: string; category: "Outro" | "Laudo" | "Exame" | "Receita"; file_path: string; id?: string | undefined; file_type?: string | undefined; uploaded_at?: string | undefined; }[]>'.
  Type '(prev: { dependent_id: string; title: string; category: "Outro" | "Laudo" | "Exame" | "Receita"; file_path: string; id?: string | undefined; file_type?: string | undefined; uploaded_at?: string | undefined; }[]) => unknown[]' is not assignable to type '(prevState: { dependent_id: string; title: string; category: "Outro" | "Laudo" | "Exame" | "Receita"; file_path: string; id?: string | undefined; file_type?: string | undefined; uploaded_at?: string | undefined; }[]) => { ...; }[]'.
    Type 'unknown[]' is not assignable to type '{ dependent_id: string; title: string; category: "Outro" | "Laudo" | "Exame" | "Receita"; file_path: string; id?: string | undefined; file_type?: string | undefined; uploaded_at?: string | undefined; }[]'.
      Type 'unknown' is not assignable to type '{ dependent_id: string; title: string; category: "Outro" | "Laudo" | "Exame" | "Receita"; file_path: string; id?: string | undefined; file_type?: string | undefined; uploaded_at?: string | undefined; }'.
src/hooks/useExpenses.ts(113,21): error TS2345: Argument of type '(prev: { id: string; dependent_id: string; category: string; amount_cents: number; date: string; reimbursable: boolean; reimbursed: boolean; description?: string | null | undefined; created_at?: string | undefined; }[]) => unknown[]' is not assignable to parameter of type 'SetStateAction<{ id: string; dependent_id: string; category: string; amount_cents: number; date: string; reimbursable: boolean; reimbursed: boolean; description?: string | null | undefined; created_at?: string | undefined; }[]>'.
  Type '(prev: { id: string; dependent_id: string; category: string; amount_cents: number; date: string; reimbursable: boolean; reimbursed: boolean; description?: string | null | undefined; created_at?: string | undefined; }[]) => unknown[]' is not assignable to type '(prevState: { id: string; dependent_id: string; category: string; amount_cents: number; date: string; reimbursable: boolean; reimbursed: boolean; description?: string | null | undefined; created_at?: string | undefined; }[]) => { ...; }[]'.
    Type 'unknown[]' is not assignable to type '{ id: string; dependent_id: string; category: string; amount_cents: number; date: string; reimbursable: boolean; reimbursed: boolean; description?: string | null | undefined; created_at?: string | undefined; }[]'.
      Type 'unknown' is not assignable to type '{ id: string; dependent_id: string; category: string; amount_cents: number; date: string; reimbursable: boolean; reimbursed: boolean; description?: string | null | undefined; created_at?: string | undefined; }'.
src/hooks/useExpenses.ts(130,70): error TS2698: Spread types may only be created from object types.
src/hooks/useGoals.ts(95,18): error TS2345: Argument of type '(prev: { id: string; dependent_id: string; title: string; status: "pending" | "in_progress" | "achieved" | "abandoned"; description?: string | null | undefined; target_date?: string | null | undefined; achieved_at?: string | ... 1 more ... | undefined; created_at?: string | undefined; }[]) => unknown[]' is not assignable to parameter of type 'SetStateAction<{ id: string; dependent_id: string; title: string; status: "pending" | "in_progress" | "achieved" | "abandoned"; description?: string | null | undefined; target_date?: string | null | undefined; achieved_at?: string | ... 1 more ... | undefined; created_at?: string | undefined; }[]>'.
  Type '(prev: { id: string; dependent_id: string; title: string; status: "pending" | "in_progress" | "achieved" | "abandoned"; description?: string | null | undefined; target_date?: string | null | undefined; achieved_at?: string | ... 1 more ... | undefined; created_at?: string | undefined; }[]) => unknown[]' is not assignable to type '(prevState: { id: string; dependent_id: string; title: string; status: "pending" | "in_progress" | "achieved" | "abandoned"; description?: string | null | undefined; target_date?: string | null | undefined; achieved_at?: string | ... 1 more ... | undefined; created_at?: string | undefined; }[]) => { ...; }[]'.
    Type 'unknown[]' is not assignable to type '{ id: string; dependent_id: string; title: string; status: "pending" | "in_progress" | "achieved" | "abandoned"; description?: string | null | undefined; target_date?: string | null | undefined; achieved_at?: string | ... 1 more ... | undefined; created_at?: string | undefined; }[]'.
      Type 'unknown' is not assignable to type '{ id: string; dependent_id: string; title: string; status: "pending" | "in_progress" | "achieved" | "abandoned"; description?: string | null | undefined; target_date?: string | null | undefined; achieved_at?: string | ... 1 more ... | undefined; created_at?: string | undefined; }'.
src/hooks/useGoals.ts(111,67): error TS2698: Spread types may only be created from object types.
src/hooks/useGoals.ts(143,7): error TS2322: Type 'Result<unknown, string>' is not assignable to type 'Result<{ id: string; goal_id: string; note: string; created_at?: string | undefined; }, string>'.
  Type 'unknown' is not assignable to type '{ id: string; goal_id: string; note: string; created_at?: string | undefined; }'.
src/hooks/useGrowth.ts(67,79): error TS18046: 'b' is of type 'unknown'.
src/hooks/useGrowth.ts(67,108): error TS18046: 'a' is of type 'unknown'.
src/hooks/useGrowth.ts(83,47): error TS18046: 'm' is of type 'unknown'.
src/hooks/useGrowth.ts(100,52): error TS18046: 'm' is of type 'unknown'.
src/hooks/useMedicalRecord.ts(53,17): error TS2345: Argument of type '{}' is not assignable to parameter of type 'SetStateAction<{ dependent_id: string; id?: string | undefined; blood_type?: string | null | undefined; health_plan?: string | null | undefined; health_plan_number?: string | null | undefined; ... 6 more ...; updated_at?: string | undefined; } | null>'.
src/navigation/MainTabs.tsx(43,9): error TS2322: Type '({ navigation }: MainTabProps<"DashboardTab">) => React.JSX.Element' is not assignable to type 'ScreenComponentType<ParamListBase, "DashboardTab"> | undefined'.
  Type '({ navigation }: MainTabProps<"DashboardTab">) => React.JSX.Element' is not assignable to type 'FunctionComponent<{}>'.
    Types of parameters '__0' and 'props' are incompatible.
      Type '{}' is missing the following properties from type 'MainTabProps<"DashboardTab">': navigation, route
src/navigation/MainTabs.tsx(51,9): error TS2322: Type '({ navigation }: MainTabProps<"AgendaTab">) => React.JSX.Element' is not assignable to type 'ScreenComponentType<ParamListBase, "AgendaTab"> | undefined'.
  Type '({ navigation }: MainTabProps<"AgendaTab">) => React.JSX.Element' is not assignable to type 'FunctionComponent<{}>'.
    Types of parameters '__0' and 'props' are incompatible.
      Type '{}' is missing the following properties from type 'MainTabProps<"AgendaTab">': navigation, route
src/navigation/MainTabs.tsx(61,9): error TS2322: Type '({ navigation }: MainTabProps<"EvolutionTab">) => React.JSX.Element' is not assignable to type 'ScreenComponentType<ParamListBase, "EvolutionTab"> | undefined'.
  Type '({ navigation }: MainTabProps<"EvolutionTab">) => React.JSX.Element' is not assignable to type 'FunctionComponent<{}>'.
    Types of parameters '__0' and 'props' are incompatible.
      Type '{}' is missing the following properties from type 'MainTabProps<"EvolutionTab">': navigation, route
src/navigation/MainTabs.tsx(71,9): error TS2322: Type '({ navigation }: MainTabProps<"VaultTab">) => React.JSX.Element' is not assignable to type 'ScreenComponentType<ParamListBase, "VaultTab"> | undefined'.
  Type '({ navigation }: MainTabProps<"VaultTab">) => React.JSX.Element' is not assignable to type 'FunctionComponent<{}>'.
    Types of parameters '__0' and 'props' are incompatible.
      Type '{}' is missing the following properties from type 'MainTabProps<"VaultTab">': navigation, route
src/navigation/MainTabs.tsx(81,9): error TS2322: Type '({ navigation }: MainTabProps<"ProfileTab">) => React.JSX.Element' is not assignable to type 'ScreenComponentType<ParamListBase, "ProfileTab"> | undefined'.
  Type '({ navigation }: MainTabProps<"ProfileTab">) => React.JSX.Element' is not assignable to type 'FunctionComponent<{}>'.
    Types of parameters '__0' and 'props' are incompatible.
      Type '{}' is missing the following properties from type 'MainTabProps<"ProfileTab">': navigation, route
src/navigation/types.ts(6,40): error TS2307: Cannot find module '@react-navigation/native-stack' or its corresponding type declarations.
src/screens/main/GrowthScreen.tsx(50,29): error TS7053: Element implicitly has an 'any' type because expression of type 'any' can't be used to index type '{}'.
src/screens/main/GrowthScreen.tsx(50,54): error TS7053: Element implicitly has an 'any' type because expression of type 'any' can't be used to index type '{}'.
src/screens/main/GrowthScreen.tsx(52,13): error TS7053: Element implicitly has an 'any' type because expression of type 'any' can't be used to index type '{}'.
src/screens/main/GrowthScreen.tsx(52,29): error TS7053: Element implicitly has an 'any' type because expression of type 'any' can't be used to index type '{}'.
src/screens/main/GrowthScreen.tsx(97,9): error TS2769: No overload matches this call.
  Overload 1 of 2, '(props: ScrollViewProps): ScrollView', gave the following error.
    Type 'unknown' is not assignable to type 'ReactNode'.
  Overload 2 of 2, '(props: ScrollViewProps, context: any): ScrollView', gave the following error.
    Type 'unknown' is not assignable to type 'ReactNode'.
src/screens/main/GrowthScreen.tsx(101,64): error TS2339: Property 'date' does not exist on type '{}'.
src/screens/main/GrowthScreen.tsx(103,23): error TS2339: Property 'weight_kg' does not exist on type '{}'.
src/screens/main/GrowthScreen.tsx(106,60): error TS2339: Property 'weight_kg' does not exist on type '{}'.
src/screens/main/GrowthScreen.tsx(123,23): error TS2339: Property 'height_cm' does not exist on type '{}'.
src/screens/main/GrowthScreen.tsx(126,60): error TS2339: Property 'height_cm' does not exist on type '{}'.
src/screens/main/GrowthScreen.tsx(135,23): error TS2339: Property 'head_cm' does not exist on type '{}'.
src/screens/main/GrowthScreen.tsx(138,60): error TS2339: Property 'head_cm' does not exist on type '{}'.
src/screens/main/GrowthScreen.tsx(162,22): error TS18046: 'm' is of type 'unknown'.
src/screens/main/GrowthScreen.tsx(167,32): error TS18046: 'm' is of type 'unknown'.
src/screens/main/GrowthScreen.tsx(190,18): error TS18046: 'm' is of type 'unknown'.
src/screens/main/GrowthScreen.tsx(191,58): error TS18046: 'm' is of type 'unknown'.
src/screens/main/GrowthScreen.tsx(193,18): error TS18046: 'm' is of type 'unknown'.
src/screens/main/GrowthScreen.tsx(194,58): error TS18046: 'm' is of type 'unknown'.
src/screens/main/GrowthScreen.tsx(196,18): error TS18046: 'm' is of type 'unknown'.
src/screens/main/GrowthScreen.tsx(197,58): error TS18046: 'm' is of type 'unknown'.
src/screens/main/GrowthScreen.tsx(200,16): error TS18046: 'm' is of type 'unknown'.
src/screens/main/GrowthScreen.tsx(200,61): error TS18046: 'm' is of type 'unknown'.
src/services/crisisService.ts(28,21): error TS2322: Type 'Result<{}, string>' is not assignable to type 'Result<PaginatedCrises, string>'.
  Type '{}' is missing the following properties from type 'PaginatedCrises': data, count
src/services/dependentService.ts(45,14): error TS2345: Argument of type '(a: { dependents: Dependent; }) => { id: string; user_id: string; name: string; birth_date?: string | null | undefined; diagnosis?: string | null | undefined; relationship?: string | null | undefined; created_at?: string | undefined; }' is not assignable to parameter of type '(value: { dependent_id: any; dependents: any[]; }, index: number, array: { dependent_id: any; dependents: any[]; }[]) => { id: string; user_id: string; name: string; birth_date?: string | null | undefined; diagnosis?: string | ... 1 more ... | undefined; relationship?: string | ... 1 more ... | undefined; created_at...'.
  Types of parameters 'a' and 'value' are incompatible.
    Type '{ dependent_id: any; dependents: any[]; }' is not assignable to type '{ dependents: { id: string; user_id: string; name: string; birth_date?: string | null | undefined; diagnosis?: string | null | undefined; relationship?: string | null | undefined; created_at?: string | undefined; }; }'.
      Types of property 'dependents' are incompatible.
        Type 'any[]' is missing the following properties from type '{ id: string; user_id: string; name: string; birth_date?: string | null | undefined; diagnosis?: string | null | undefined; relationship?: string | null | undefined; created_at?: string | undefined; }': id, user_id, name
src/services/diaryService.ts(28,21): error TS2322: Type 'Result<{}, string>' is not assignable to type 'Result<PaginatedDiary, string>'.
  Type '{}' is missing the following properties from type 'PaginatedDiary': data, count
src/services/expenseService.ts(34,21): error TS2322: Type 'Result<{}, string>' is not assignable to type 'Result<PaginatedExpenses, string>'.
  Type '{}' is missing the following properties from type 'PaginatedExpenses': data, count
src/services/expenseService.ts(157,30): error TS2322: Type 'Result<{} | undefined, string>' is not assignable to type 'Result<number, string>'.
  Type '{} | undefined' is not assignable to type 'number'.
    Type 'undefined' is not assignable to type 'number'.
src/services/goalService.ts(35,21): error TS2322: Type 'Result<{}, string>' is not assignable to type 'Result<PaginatedGoals, string>'.
  Type '{}' is missing the following properties from type 'PaginatedGoals': data, count
src/services/growthService.ts(32,21): error TS2322: Type 'Result<{}, string>' is not assignable to type 'Result<any[], string>'.
  Type '{}' is missing the following properties from type 'any[]': length, pop, push, concat, and 35 more.
src/services/medicalRecordService.ts(30,21): error TS2322: Type 'Result<{}, string>' is not assignable to type 'Result<{ dependent_id: string; id?: string | undefined; blood_type?: string | null | undefined; health_plan?: string | null | undefined; health_plan_number?: string | null | undefined; ... 6 more ...; updated_at?: string | undefined; } | null, string>'.
  Property 'dependent_id' is missing in type '{}' but required in type '{ dependent_id: string; id?: string | undefined; blood_type?: string | null | undefined; health_plan?: string | null | undefined; health_plan_number?: string | null | undefined; allergies?: string | ... 1 more ... | undefined; ... 5 more ...; updated_at?: string | undefined; }'.
src/services/metricsService.ts(29,21): error TS2322: Type 'Result<{}, string>' is not assignable to type 'Result<DashboardMetrics, string>'.
  Type '{}' is missing the following properties from type 'DashboardMetrics': nextEvent, stats
src/services/professionalService.ts(20,21): error TS2322: Type 'Result<{}, string>' is not assignable to type 'Result<{ id: string; dependent_id: string; name: string; specialty: string; is_primary: boolean; clinic?: string | null | undefined; phone?: string | null | undefined; email?: string | null | undefined; address?: string | ... 1 more ... | undefined; notes?: string | ... 1 more ... | undefined; created_at?: string | ...'.
  Type '{}' is missing the following properties from type '{ id: string; dependent_id: string; name: string; specialty: string; is_primary: boolean; clinic?: string | null | undefined; phone?: string | null | undefined; email?: string | null | undefined; address?: string | ... 1 more ... | undefined; notes?: string | ... 1 more ... | undefined; created_at?: string | undefin...': length, pop, push, concat, and 35 more.
src/services/therapyService.ts(24,21): error TS2322: Type 'Result<{}, string>' is not assignable to type 'Result<{ id: string; dependent_id: string; therapist_id: string; content: string; session_date: string; progress_rating: number; created_at?: string | undefined; profiles?: { full_name?: string | null | undefined; } | undefined; }[], string>'.
  Type '{}' is missing the following properties from type '{ id: string; dependent_id: string; therapist_id: string; content: string; session_date: string; progress_rating: number; created_at?: string | undefined; profiles?: { full_name?: string | null | undefined; } | undefined; }[]': length, pop, push, concat, and 35 more.
src/services/wellbeingService.ts(33,21): error TS2322: Type 'Result<{}, string>' is not assignable to type 'Result<PaginatedWellbeing, string>'.
  Type '{}' is missing the following properties from type 'PaginatedWellbeing': data, count
